// Jest Snapshot v1, https://goo.gl/fbAQLP

exports[`<SortableTree /> should render tree correctly 1`] = `
<div
  className="rst__node"
  style={
    Object {
      "height": 62,
    }
  }
>
  <div
    className="rst__lineBlock rst__lineHalfHorizontalRight"
    key="pre_1"
    style={
      Object {
        "width": 44,
      }
    }
  />
  <div
    className="rst__nodeContent"
    style={
      Object {
        "left": 44,
      }
    }
  >
    <DragSource(NodeRendererDefault)
      canDrag={true}
      canDrop={false}
      draggedNode={null}
      isOver={false}
      isSearchFocus={false}
      isSearchMatch={false}
      key=".0"
      node={Object {}}
      parentNode={null}
      path={
        Array [
          0,
        ]
      }
      rowDirection="ltr"
      scaffoldBlockPxWidth={44}
      toggleChildrenVisibility={[Function]}
      treeId="rst__1"
      treeIndex={0}
    >
      <NodeRendererDefault
        canDrag={true}
        canDrop={false}
        connectDragPreview={[Function]}
        connectDragSource={[Function]}
        didDrop={false}
        draggedNode={null}
        isDragging={false}
        isOver={false}
        isSearchFocus={false}
        isSearchMatch={false}
        node={Object {}}
        parentNode={null}
        path={
          Array [
            0,
          ]
        }
        rowDirection="ltr"
        scaffoldBlockPxWidth={44}
        toggleChildrenVisibility={[Function]}
        treeId="rst__1"
        treeIndex={0}
      >
        <div
          style={
            Object {
              "height": "100%",
            }
          }
        >
          <div
            className="rst__rowWrapper"
          >
            <div
              className="rst__row"
              style={
                Object {
                  "opacity": 1,
                }
              }
            >
              <div
                className="rst__moveHandle"
              />
              <div
                className="rst__rowContents"
              >
                <div
                  className="rst__rowLabel"
                >
                  <span
                    className="rst__rowTitle"
                  />
                </div>
                <div
                  className="rst__rowToolbar"
                />
              </div>
            </div>
          </div>
        </div>
      </NodeRendererDefault>
    </DragSource(NodeRendererDefault)>
  </div>
</div>
`;
